// Jest Snapshot v1, https://goo.gl/fbAQLP

exports[`Loader render correctly 1`] = `
<View
  style={
    Array [
      Object {},
      Object {
        "flex": 1,
        "justifyContent": "center",
      },
    ]
  }
>
  <ActivityIndicator
    animating={true}
    color="#90C7D4"
    hidesWhenStopped={true}
    size="large"
  />
</View>
`;
