// Jest Snapshot v1, https://goo.gl/fbAQLP

exports[`SearchLocationInput render correctly 1`] = `
<TextInput
  allowFontScaling={true}
  editable={true}
  onChangeText={[Function]}
  placeholder="Search location or city"
  placeholderTextColor="#575757"
  style={
    Object {
      "color": "#000",
      "flex": 1,
      "fontSize": 17,
      "height": 50,
      "paddingLeft": 5,
      "paddingRight": 5,
    }
  }
  underlineColorAndroid="rgba(0,0,0,0)"
/>
`;
