// Jest Snapshot v1, https://goo.gl/fbAQLP

exports[`Loader render correctly 1`] = `
<View
  closeOnRowBeginSwipe={false}
  closeOnRowPress={true}
  closeOnScroll={true}
  directionalDistanceChangeThreshold={2}
  disableLeftSwipe={false}
  disableRightSwipe={false}
  leftOpenValue={0}
  previewFirstRow={false}
  recalculateHiddenLayout={false}
  rightOpenValue={0}
  style={Object {}}
  swipeToOpenPercent={50}
>
  <View
    accessible={true}
    isTVSelectable={true}
    onResponderGrant={[Function]}
    onResponderMove={[Function]}
    onResponderRelease={[Function]}
    onResponderTerminate={[Function]}
    onResponderTerminationRequest={[Function]}
    onStartShouldSetResponder={[Function]}
    style={null}
  >
    <View
      style={
        Object {
          "alignItems": "center",
          "backgroundColor": "transparent",
          "borderBottomWidth": 0.5,
          "borderColor": "#c9c9c9",
          "flexDirection": "row",
          "marginLeft": 16,
          "paddingBottom": 13,
          "paddingRight": 16,
          "paddingTop": 13,
        }
      }
    >
      <View
        accessible={true}
        isTVSelectable={true}
        onResponderGrant={[Function]}
        onResponderMove={[Function]}
        onResponderRelease={[Function]}
        onResponderTerminate={[Function]}
        onResponderTerminationRequest={[Function]}
        onStartShouldSetResponder={[Function]}
        style={
          Object {
            "flex": 1,
            "opacity": 1,
          }
        }
      >
        <View
          style={
            Array [
              Object {},
              Object {
                "alignItems": "center",
                "flex": 1,
                "flexDirection": "row",
                "justifyContent": "space-around",
              },
            ]
          }
        >
          <View
            style={Object {}}
          >
            <View
              style={Object {}}
            >
              <Text
                style={
                  Array [
                    Object {
                      "color": "#000",
                      "fontFamily": "System",
                      "fontSize": 16,
                    },
                    Object {
                      "color": "#2C3A3F",
                      "fontSize": 50,
                    },
                  ]
                }
                uppercase={false}
              >
                20
                °
              </Text>
            </View>
            <View
              style={Object {}}
            >
              <Text
                style={
                  Array [
                    Object {
                      "color": "#000",
                      "fontFamily": "System",
                      "fontSize": 16,
                    },
                    Object {
                      "color": "#D6637A",
                      "fontSize": 12,
                      "fontWeight": "bold",
                    },
                  ]
                }
                uppercase={false}
              >
                CLEAR SKY
              </Text>
            </View>
            <View
              style={Object {}}
            >
              <Text
                style={
                  Array [
                    Object {
                      "color": "#000",
                      "fontFamily": "System",
                      "fontSize": 16,
                    },
                    Object {
                      "color": "#90C7D4",
                      "fontSize": 12,
                      "fontWeight": "bold",
                    },
                  ]
                }
                uppercase={false}
              >
                DUNEDIN
              </Text>
            </View>
          </View>
          <View
            style={Object {}}
          >
            <Text
              allowFontScaling={false}
              style={
                Array [
                  Object {
                    "color": undefined,
                    "fontSize": 12,
                  },
                  Array [
                    Object {
                      "color": "#000",
                      "fontSize": 30,
                    },
                    Object {
                      "color": "#000",
                      "fontSize": 30,
                    },
                    Object {
                      "color": "#D6637A",
                      "fontSize": 80,
                    },
                  ],
                  Object {
                    "fontFamily": "Material Design Icons",
                    "fontStyle": "normal",
                    "fontWeight": "normal",
                  },
                  Object {},
                ]
              }
              type="MaterialCommunityIcons"
            >
              
            </Text>
          </View>
          <View
            style={Object {}}
          >
            <View
              style={Object {}}
            >
              <View
                style={
                  Array [
                    Object {
                      "alignSelf": "flex-start",
                      "backgroundColor": "#ED1727",
                      "borderRadius": 13.5,
                      "height": 27,
                      "justifyContent": "center",
                      "paddingBottom": 3,
                      "paddingLeft": 6,
                      "paddingRight": 6,
                      "paddingTop": 3,
                    },
                    Object {
                      "alignSelf": "center",
                      "backgroundColor": "#D6637A",
                      "flexDirection": "row",
                    },
                  ]
                }
              >
                <Text
                  allowFontScaling={false}
                  style={
                    Array [
                      Object {
                        "color": undefined,
                        "fontSize": 12,
                      },
                      Array [
                        Object {
                          "color": "#000",
                          "fontSize": 30,
                        },
                        Object {
                          "color": "#000",
                          "fontSize": 30,
                        },
                        Object {
                          "alignSelf": "center",
                          "color": "white",
                          "fontSize": 14,
                        },
                      ],
                      Object {
                        "fontFamily": "Material Design Icons",
                        "fontStyle": "normal",
                        "fontWeight": "normal",
                      },
                      Object {},
                    ]
                  }
                  type="MaterialCommunityIcons"
                >
                  
                </Text>
                <Text
                  style={
                    Object {
                      "color": "#fff",
                      "fontFamily": "System",
                      "fontSize": 15,
                      "lineHeight": 19,
                      "paddingLeft": 3,
                      "paddingRight": 3,
                      "textAlign": "center",
                    }
                  }
                  uppercase={false}
                >
                  73
                  %
                </Text>
              </View>
            </View>
            <View
              style={Object {}}
            >
              <Text
                style={
                  Array [
                    Object {
                      "color": "#000",
                      "fontFamily": "System",
                      "fontSize": 16,
                    },
                    Object {
                      "alignSelf": "center",
                      "color": "#C9E4EB",
                      "fontSize": 50,
                      "fontWeight": "bold",
                    },
                  ]
                }
                uppercase={false}
              >
                24
              </Text>
              <Text
                style={
                  Array [
                    Object {
                      "color": "#000",
                      "fontFamily": "System",
                      "fontSize": 16,
                    },
                    Object {
                      "alignSelf": "center",
                      "color": "#90C7D4",
                      "fontSize": 30,
                      "fontWeight": "bold",
                    },
                  ]
                }
                uppercase={false}
              >
                MON
              </Text>
              <Text
                style={
                  Array [
                    Object {
                      "color": "#000",
                      "fontFamily": "System",
                      "fontSize": 16,
                    },
                    Object {
                      "alignSelf": "center",
                      "color": "#2C3A3F",
                      "fontSize": 12,
                      "fontWeight": "normal",
                    },
                  ]
                }
                uppercase={false}
              >
                1:00 PM
              </Text>
            </View>
          </View>
        </View>
      </View>
    </View>
  </View>
  <View
    accessible={true}
    isTVSelectable={true}
    onResponderGrant={[Function]}
    onResponderMove={[Function]}
    onResponderRelease={[Function]}
    onResponderTerminate={[Function]}
    onResponderTerminationRequest={[Function]}
    onStartShouldSetResponder={[Function]}
    style={null}
  >
    <View
      style={
        Object {
          "alignItems": "center",
          "backgroundColor": "transparent",
          "borderBottomWidth": 0.5,
          "borderColor": "#c9c9c9",
          "flexDirection": "row",
          "marginLeft": 16,
          "paddingBottom": 13,
          "paddingRight": 16,
          "paddingTop": 13,
        }
      }
    >
      <View
        accessible={true}
        isTVSelectable={true}
        onResponderGrant={[Function]}
        onResponderMove={[Function]}
        onResponderRelease={[Function]}
        onResponderTerminate={[Function]}
        onResponderTerminationRequest={[Function]}
        onStartShouldSetResponder={[Function]}
        style={
          Object {
            "flex": 1,
            "opacity": 1,
          }
        }
      >
        <View
          style={
            Array [
              Object {},
              Object {
                "alignItems": "center",
                "flex": 1,
                "flexDirection": "row",
                "justifyContent": "space-around",
              },
            ]
          }
        >
          <View
            style={Object {}}
          >
            <View
              style={Object {}}
            >
              <Text
                style={
                  Array [
                    Object {
                      "color": "#000",
                      "fontFamily": "System",
                      "fontSize": 16,
                    },
                    Object {
                      "color": "#2C3A3F",
                      "fontSize": 50,
                    },
                  ]
                }
                uppercase={false}
              >
                21
                °
              </Text>
            </View>
            <View
              style={Object {}}
            >
              <Text
                style={
                  Array [
                    Object {
                      "color": "#000",
                      "fontFamily": "System",
                      "fontSize": 16,
                    },
                    Object {
                      "color": "#D6637A",
                      "fontSize": 12,
                      "fontWeight": "bold",
                    },
                  ]
                }
                uppercase={false}
              >
                CLEAR SKY
              </Text>
            </View>
            <View
              style={Object {}}
            >
              <Text
                style={
                  Array [
                    Object {
                      "color": "#000",
                      "fontFamily": "System",
                      "fontSize": 16,
                    },
                    Object {
                      "color": "#90C7D4",
                      "fontSize": 12,
                      "fontWeight": "bold",
                    },
                  ]
                }
                uppercase={false}
              >
                DUNEDIN
              </Text>
            </View>
          </View>
          <View
            style={Object {}}
          >
            <Text
              allowFontScaling={false}
              style={
                Array [
                  Object {
                    "color": undefined,
                    "fontSize": 12,
                  },
                  Array [
                    Object {
                      "color": "#000",
                      "fontSize": 30,
                    },
                    Object {
                      "color": "#000",
                      "fontSize": 30,
                    },
                    Object {
                      "color": "#D6637A",
                      "fontSize": 80,
                    },
                  ],
                  Object {
                    "fontFamily": "Material Design Icons",
                    "fontStyle": "normal",
                    "fontWeight": "normal",
                  },
                  Object {},
                ]
              }
              type="MaterialCommunityIcons"
            >
              
            </Text>
          </View>
          <View
            style={Object {}}
          >
            <View
              style={Object {}}
            >
              <View
                style={
                  Array [
                    Object {
                      "alignSelf": "flex-start",
                      "backgroundColor": "#ED1727",
                      "borderRadius": 13.5,
                      "height": 27,
                      "justifyContent": "center",
                      "paddingBottom": 3,
                      "paddingLeft": 6,
                      "paddingRight": 6,
                      "paddingTop": 3,
                    },
                    Object {
                      "alignSelf": "center",
                      "backgroundColor": "#D6637A",
                      "flexDirection": "row",
                    },
                  ]
                }
              >
                <Text
                  allowFontScaling={false}
                  style={
                    Array [
                      Object {
                        "color": undefined,
                        "fontSize": 12,
                      },
                      Array [
                        Object {
                          "color": "#000",
                          "fontSize": 30,
                        },
                        Object {
                          "color": "#000",
                          "fontSize": 30,
                        },
                        Object {
                          "alignSelf": "center",
                          "color": "white",
                          "fontSize": 14,
                        },
                      ],
                      Object {
                        "fontFamily": "Material Design Icons",
                        "fontStyle": "normal",
                        "fontWeight": "normal",
                      },
                      Object {},
                    ]
                  }
                  type="MaterialCommunityIcons"
                >
                  
                </Text>
                <Text
                  style={
                    Object {
                      "color": "#fff",
                      "fontFamily": "System",
                      "fontSize": 15,
                      "lineHeight": 19,
                      "paddingLeft": 3,
                      "paddingRight": 3,
                      "textAlign": "center",
                    }
                  }
                  uppercase={false}
                >
                  72
                  %
                </Text>
              </View>
            </View>
            <View
              style={Object {}}
            >
              <Text
                style={
                  Array [
                    Object {
                      "color": "#000",
                      "fontFamily": "System",
                      "fontSize": 16,
                    },
                    Object {
                      "alignSelf": "center",
                      "color": "#C9E4EB",
                      "fontSize": 50,
                      "fontWeight": "bold",
                    },
                  ]
                }
                uppercase={false}
              >
                24
              </Text>
              <Text
                style={
                  Array [
                    Object {
                      "color": "#000",
                      "fontFamily": "System",
                      "fontSize": 16,
                    },
                    Object {
                      "alignSelf": "center",
                      "color": "#90C7D4",
                      "fontSize": 30,
                      "fontWeight": "bold",
                    },
                  ]
                }
                uppercase={false}
              >
                MON
              </Text>
              <Text
                style={
                  Array [
                    Object {
                      "color": "#000",
                      "fontFamily": "System",
                      "fontSize": 16,
                    },
                    Object {
                      "alignSelf": "center",
                      "color": "#2C3A3F",
                      "fontSize": 12,
                      "fontWeight": "normal",
                    },
                  ]
                }
                uppercase={false}
              >
                4:00 PM
              </Text>
            </View>
          </View>
        </View>
      </View>
    </View>
  </View>
</View>
`;
